// Jest Snapshot v1, https://goo.gl/fbAQLP

exports[`<Tag /> renders Tag correctly 1`] = `ShallowWrapper {}`;
