// Jest Snapshot v1, https://goo.gl/fbAQLP

exports[`<JobCriteria /> renders JobCriteria correctly 1`] = `ShallowWrapper {}`;
