// Jest Snapshot v1, https://goo.gl/fbAQLP

exports[`<Card /> renders Card correctly 1`] = `ShallowWrapper {}`;
